rtl/axi/axi_if.sv
rtl/axi/axis_if.sv
rtl/cosimulation/testtop/cosim_top.sv
rtl/cosimulation/noc/mesh_with_loaders.sv
rtl/cosimulation/testenv/axi_master_loader.sv
rtl/cosimulation/testenv/axi_pmu.sv
rtl/cosimulation/decoders/uart_control.sv
rtl/lib/cosim/uart/receiver.sv
rtl/lib/cosim/uart/transmitter.sv
rtl/lib/axi/axi_ram.sv
rtl/lib/axi/axi2ram.sv
rtl/lib/primitives/memory/ram.sv
rtl/mesh/mesh.sv
rtl/axi/axi2axis.sv
rtl/router/src/algorithm_selectors/mesh/algorithm_selector_mesh_XY.sv
rtl/router/src/buffer_allocators/buffer_allocator_straight.sv
rtl/router/src/buffer_allocators/buffer_allocator_keep_in_network.sv
rtl/router/src/router.sv
rtl/lib/stream/stream_arbiter.sv
rtl/lib/stream/stream_fifo.sv
rtl/axi/axis_fifo_buffer.sv
rtl/router/src/router_buffer.sv
rtl/router/src/utils/channel_decoder.sv
rtl/router/src/utils/channel_encoder.sv
rtl/router/src/utils/network_channel_mux.sv
rtl/router/src/utils/network_channel_demux.sv
rtl/router/src/utils/network_channel_narrower.sv
rtl/router/src/algorithm.sv
rtl/router/src/arbiter.sv
rtl/lib/primitives/cdc/cdc_stream_afifo.sv
rtl/lib/primitives/cdc/sync_ff.sv
rtl/lib/primitives/memory/dual_clock_memory.sv
rtl/lib/primitives/cdc/gray_converter.sv
