rtl/axi/axi_if.sv
rtl/axi/axis_if.sv
rtl/axi/circulant/circulant.sv
rtl/axi/axi2axis.sv
rtl/axi/cross_router_logic/algorithm_selector_clockwise.sv
rtl/axi/cross_router_logic/buffer_allocator_straight.sv
rtl/axi/cross_router_logic/buffer_allocator_keep_in_network.sv
rtl/axi/router/src/router.sv
rtl/axi/stream_arbiter.sv
rtl/axi/stream_fifo.sv
rtl/axi/axis_fifo_buffer.sv
rtl/axi/router/src/router_buffer.sv
rtl/axi/router/src/utils/channel_decoder.sv
rtl/axi/router/src/utils/channel_encoder.sv
rtl/axi/router/src/utils/network_channel_mux.sv
rtl/axi/router/src/utils/network_channel_demux.sv
rtl/axi/router/src/utils/network_channel_narrower.sv
rtl/axi/router/src/algorithm.sv
rtl/axi/router/src/arbiter.sv
rtl/lib/primitives/cdc/cdc_stream_afifo.sv
rtl/lib/primitives/cdc/sync_ff.sv
rtl/lib/primitives/memory/dual_clock_memory.sv
rtl/lib/primitives/cdc/gray_converter.sv
