rtl/axi/axi_if.sv
rtl/axi/axis_if.sv
rtl/torus/torus.sv
rtl/axi/axi2axis.sv
rtl/router/src/algorithm_selectors/torus/algorithm_selector_torus_XY.sv
rtl/router/src/algorithm_selectors/torus/algorithm_selector_torus_XY_one_way.sv
rtl/router/src/algorithm_selectors/torus/algorithm_selector_torus_EWn_SNe.sv
rtl/router/src/buffer_allocators/buffer_allocator_straight.sv
rtl/router/src/buffer_allocators/buffer_allocator_keep_in_network.sv
rtl/router/src/router.sv
rtl/lib/stream/stream_arbiter.sv
rtl/lib/stream/stream_fifo.sv
rtl/axi/axis_fifo_buffer.sv
rtl/router/src/router_buffer.sv
rtl/router/src/utils/channel_decoder.sv
rtl/router/src/utils/channel_encoder.sv
rtl/router/src/utils/network_channel_mux.sv
rtl/router/src/utils/network_channel_demux.sv
rtl/router/src/utils/network_channel_narrower.sv
rtl/router/src/algorithm.sv
rtl/router/src/arbiter.sv