rtl/cores/src/sr_cpu.vh 
rtl/cores/src/sm_register.v 
rtl/cores/src/sm_rom.v 
rtl/cores/src/sr_cpu.v
rtl/cores/src/sr_cpu_axi.sv
rtl/cores/src/sr_axi_adapter.sv
rtl/axi/cross_router_logic/algorithm_selector_clockwise.sv
rtl/axi/cross_router_logic/algorithm_selector_mesh_XY.sv
rtl/axi/cross_router_logic/algorithm_selector_torus_XY.sv
rtl/axi/cross_router_logic/algorithm_selector_torus_XY_one_way.sv
rtl/axi/cross_router_logic/algorithm_selector_torus_EWn_SNe.sv
rtl/axi/cross_router_logic/buffer_allocator_straight.sv
rtl/axi/cross_router_logic/buffer_allocator_keep_in_network.sv
rtl/axi/router/src/algorithm.sv
rtl/axi/router/src/router_buffer.sv
rtl/axi/router/src/arbiter.sv
rtl/axi/router/src/router.sv
rtl/axi/router/src/utils/channel_encoder.sv
rtl/axi/router/src/utils/channel_decoder.sv
rtl/axi/router/src/utils/network_channel_mux.sv
rtl/axi/router/src/utils/network_channel_demux.sv
rtl/axi/router/src/utils/network_channel_narrower.sv
rtl/axi/circulant/circulant.sv
rtl/axi/mesh/mesh.sv
rtl/axi/torus/torus.sv
rtl/axi/axi_demux.sv
rtl/axi/axi_if.sv
rtl/axi/axi_master_loader.sv
rtl/axi/axi_mux.sv
rtl/axi/axi_ram.sv
rtl/axi/axi2axis.sv
rtl/axi/axi2ram.sv
rtl/axi/axis_if_demux.sv
rtl/axi/axis_if_mux.sv
rtl/axi/axis_if.sv
rtl/axi/ram.sv
rtl/axi/stream_arbiter.sv
rtl/axi/stream_fifo.sv
rtl/axi/axis_fifo_buffer.sv
rtl/axi/axi_pmu.sv
rtl/uart/receiver.sv
rtl/uart/transmitter.sv
rtl/uart/uart_control.sv
rtl/cosimulation/mesh_with_loaders.sv
rtl/cosimulation/cosim_top.sv
rtl/de10standard_top.sv
