rtl/cores/src/sr_cpu.vh 
rtl/cores/src/sm_register.v 
rtl/cores/src/sm_rom.v 
rtl/cores/src/sr_cpu.v
rtl/cores/src/sr_cpu_axi.sv
rtl/cores/src/sr_axi_adapter.sv
rtl/router/src/algorithm_selectors/circulant/algorithm_selector_clockwise.sv
rtl/router/src/algorithm_selectors/mesh/algorithm_selector_mesh_XY.sv
rtl/router/src/algorithm_selectors/torus/algorithm_selector_torus_XY.sv
rtl/router/src/algorithm_selectors/torus/algorithm_selector_torus_XY_one_way.sv
rtl/router/src/algorithm_selectors/torus/algorithm_selector_torus_EWn_SNe.sv
rtl/router/src/buffer_allocators/buffer_allocator_straight.sv
rtl/router/src/buffer_allocators/buffer_allocator_keep_in_network.sv
rtl/router/src/algorithm.sv
rtl/router/src/router_buffer.sv
rtl/router/src/arbiter.sv
rtl/router/src/router.sv
rtl/router/src/utils/channel_encoder.sv
rtl/router/src/utils/channel_decoder.sv
rtl/router/src/utils/network_channel_mux.sv
rtl/router/src/utils/network_channel_demux.sv
rtl/router/src/utils/network_channel_narrower.sv
rtl/circulant/circulant.sv
rtl/mesh/mesh.sv
rtl/torus/torus.sv
rtl/axi/axi_demux.sv
rtl/axi/axi_if.sv
rtl/axi/axi_mux.sv
rtl/lib/axi/axi_ram.sv
rtl/axi/axi2axis.sv
rtl/lib/axi/axi2ram.sv
rtl/axi/axis_if_demux.sv
rtl/axi/axis_if_mux.sv
rtl/axi/axis_if.sv
rtl/lib/primitives/memory/ram.sv
rtl/lib/stream/stream_arbiter.sv
rtl/lib/stream/stream_fifo.sv
rtl/axi/axis_fifo_buffer.sv
rtl/lib/cosim/uart/receiver.sv
rtl/lib/cosim/uart/transmitter.sv
rtl/cosimulation/decoders/dma_pmu_collector.sv
rtl/cosimulation/decoders/dma_task_dispatcher.sv
rtl/cosimulation/decoders/uart_control.sv
rtl/cosimulation/noc/mesh_with_loaders.sv
rtl/cosimulation/testenv/axi_master_loader.sv
rtl/cosimulation/testenv/axi_pmu.sv
rtl/cosimulation/testenv/axi_testenv.sv
rtl/cosimulation/testenv/avmm_testenv_csr.sv
rtl/cosimulation/testtop/cosim_top.sv
rtl/cosimulation/testtop/dma_testenv_top.sv
rtl/de10standard_top.sv
rtl/lib/cosim/pcie/avmm_dma/avmm_dma_decoder.sv
rtl/lib/cosim/pcie/avmm_dma/avmm_dma_task_demux.sv
rtl/lib/cosim/pcie/avmm_dma/avmm_dma_csr.sv
rtl/lib/cosim/pcie/avmm_dma/avmm_dma_engine.sv
rtl/lib/cosim/pcie/avmm_dma/avmm_dma_msix_table.sv
rtl/lib/cosim/pcie/avmm_dma/avmm_dma_user_msix.sv
rtl/lib/cosim/pcie/avmm_dma/avmm_dma_top.sv
rtl/lib/primitives/cdc/cdc_stream_afifo.sv
rtl/lib/primitives/cdc/sync_ff.sv
rtl/lib/primitives/cdc/sync_rst.sv
rtl/lib/primitives/memory/dual_clock_memory.sv
rtl/lib/primitives/cdc/gray_converter.sv
tb/mesh_throughput/mesh_throughput.sv
tb/circulant_throughput/circulant_throughput.sv
tb/torus_throughput/torus_throughput.sv