rtl/axi/defines.svh
rtl/axi/axi2axis_typedef.svh
rtl/cores/src/sr_cpu.vh 
rtl/cores/src/sm_register.v 
rtl/cores/src/sm_rom.v 
rtl/cores/src/sr_cpu.v
rtl/cores/src/sr_cpu_axi.sv
rtl/cores/src/sr_axi_adapter.sv
rtl/axi/cross_router_logic/algorithm_selector_XY.sv
rtl/axi/cross_router_logic/blind_queue.sv
rtl/axi/router/src/algorithm.sv
rtl/axi/router/src/algorithm_dual.sv
rtl/axi/router/src/arbiter.sv
rtl/axi/router/src/router.sv
rtl/axi/router/src/router_dual.sv
rtl/axi/router/src/router_dual_parallel.sv
rtl/axi/XY_mesh/XY_mesh_dual.sv
rtl/axi/XY_mesh/XY_mesh_dual_parallel.sv
rtl/axi/XY_mesh/XY_mesh_dual_cpu.sv
rtl/axi/axi_demux.sv
rtl/axi/axi_if.sv
rtl/axi/axi_master_loader.sv
rtl/axi/axi_mux.sv
rtl/axi/axi_ram.sv
rtl/axi/axi2axis_XY.sv
rtl/axi/axi2ram.sv
rtl/axi/axis_if_demux.sv
rtl/axi/axis_if_mux.sv
rtl/axi/axis_if.sv
rtl/axi/ram_if.sv
rtl/axi/ram.sv
rtl/axi/stream_arbiter.sv
rtl/axi/stream_fifo.sv
rtl/axi/axi_pmu.sv
rtl/uart/receiver.sv
rtl/uart/transmitter.sv
rtl/uart/uart_control.sv
rtl/cosimulation/mesh_with_loaders.sv
rtl/cosimulation/cosim_top.sv
rtl/de10standard_top.sv